qcheck random seed: 591937231
Testing `[1mmy test[0m'.
[2mThis run has ID `915592C0-C67A-4807-B4F8-ADD7F17DDB73'.

[0m  [32m[OK][0m          [36msuite[0m          0   list_rev_is_involutive.
[1m[31m>[0;1m[0m [31m[FAIL][0m        [36msuite[0m          1   fail_sort_id.
  [31m[FAIL][0m        [36msuite[0m          2   error_raise_exn.
  [31m[FAIL][0m        [36msuite[0m          3   fail_check_err_message.

[2m┌──────────────────────────────────────────────────────────────────────────────┐[0m
[2m│ [0m[31m[FAIL][0m        [36msuite[0m          1   fail_sort_id.[2m                               │[0m
[2m└──────────────────────────────────────────────────────────────────────────────┘[0m

test `fail_sort_id` failed on ≥ 1 cases: [1; 0] (after 14 shrink steps)
                                           
[exception] test `fail_sort_id` failed on ≥ 1 cases: [1; 0] (after 14 shrink steps)
                                           
            Raised at file "src/core/QCheck2.ml", line 1745, characters 6-38
            Called from file "src/alcotest-engine/core.ml", line 229, characters 17-23
            Called from file "src/alcotest-engine/monad.ml", line 24, characters 31-35
            

Logs saved to `[36m~/w/qcheck/_build/default/example/alcotest/_build/_tests/my test/suite.001.output[0m'.
 [2m──────────────────────────────────────────────────────────────────────────────[0m

Full test results in `[36m~/w/qcheck/_build/default/example/alcotest/_build/_tests/my test[0m'.
[31m3 failures![0m in 0.050s. 4 tests run.
