holds 'k'
holds '\234'
holds '\026'
holds '\137'
holds 'l'
holds 'k'
holds '\019'
holds '\159'
holds '\153'
holds '>'
holds '\179'
holds '\022'
holds 'Z'
holds '\198'
holds '\129'
holds '\150'
holds '\216'
holds '"'
holds '\190'
holds '\210'
holds '\173'
holds 'n'
holds '\234'
holds '\245'
holds '\196'
holds '\005'
holds 'p'
holds '\b'
holds '\152'
holds 'A'
holds '8'
holds '@'
holds '\021'
holds '\156'
holds '\r'
holds '\244'
holds '\248'
holds '_'
holds '0'
holds '\166'
holds '\235'
holds '\168'
holds '\''
holds '\127'
holds '\154'
holds '$'
holds '\025'
holds 't'
holds '\158'
holds '\012'
holds '\240'
holds '\188'
holds 'L'
holds '\238'
holds '\212'
holds 'C'
holds '\246'
holds '\129'
holds '\142'
holds '\254'
holds '\163'
holds '?'
holds '\202'
holds '\167'
holds '\207'
holds '\187'
holds '\250'
holds ':'
holds ' '
holds '\183'
holds '6'
holds '\192'
holds '\207'
holds '\223'
holds 'Y'
holds 'H'
holds '\149'
holds '\024'
holds '^'
holds 'u'
holds '('
holds 'X'
holds '\191'
holds '\213'
holds '@'
holds '\t'
holds '\142'
holds '\004'
holds '\023'
holds '\171'
holds '\241'
holds '\153'
holds '\131'
holds '\248'
holds 'G'
holds '\182'
holds 'z'
holds ','
holds '\178'
holds '\162'
