holds (7, [44; 5; 1; 2; 9; 74; 7], {(9, 5) -> 8; (74, 6) -> 4; (5, 5) -> 8; (4, 7) -> 8; (4, 74) -> 4; (44, 8) -> 8; (0, 9) -> 4; (1, 4) -> 5; (2, 90) -> 4; (7, 44) -> 9; (60, 2) -> 0; (8, 1) -> 60; (9, 4) -> 90; (7, 7) -> 6; _ -> 50})
fails (5, [7; 8; 9; 24], {(8, 80) -> 0; (7, 24) -> 7; (8, 9) -> 7; (7, 0) -> 3; (5, 7) -> 8; (24, 5) -> 1; (9, 1) -> 80; (8, 8) -> 8; _ -> 25})
fails (0, [7; 8; 9; 24], {(8, 80) -> 0; (93, 9) -> 0; (7, 24) -> 7; (9, 7) -> 4; (0, 24) -> 1; (0, 7) -> 5; (7, 1) -> 8; (8, 9) -> 7; (24, 0) -> 7; (5, 8) -> 93; (7, 0) -> 3; (5, 7) -> 8; (8, 4) -> 1; (24, 5) -> 1; (9, 1) -> 80; (8, 8) -> 8; _ -> 25})
holds (0, [], {(8, 80) -> 0; (93, 9) -> 0; (7, 24) -> 7; (9, 7) -> 4; (0, 24) -> 1; (0, 7) -> 5; (7, 1) -> 8; (8, 9) -> 7; (24, 0) -> 7; (5, 8) -> 93; (7, 0) -> 3; (5, 7) -> 8; (8, 4) -> 1; (24, 5) -> 1; (9, 1) -> 80; (8, 8) -> 8; _ -> 25})
fails (0, [2; 8], {(0, 2) -> 4; (8, 80) -> 0; (93, 9) -> 0; (7, 24) -> 7; (8, 0) -> 8; (9, 7) -> 4; (0, 24) -> 1; (0, 7) -> 5; (7, 1) -> 8; (8, 9) -> 7; (24, 0) -> 7; (5, 8) -> 93; (4, 8) -> 18; (7, 0) -> 3; (5, 7) -> 8; (8, 4) -> 1; (24, 5) -> 1; (2, 8) -> 1; (9, 1) -> 80; (8, 8) -> 8; _ -> 25})
holds (0, [], {(0, 2) -> 4; (8, 80) -> 0; (93, 9) -> 0; (7, 24) -> 7; (8, 0) -> 8; (9, 7) -> 4; (0, 24) -> 1; (0, 7) -> 5; (7, 1) -> 8; (8, 9) -> 7; (24, 0) -> 7; (5, 8) -> 93; (4, 8) -> 18; (7, 0) -> 3; (5, 7) -> 8; (8, 4) -> 1; (24, 5) -> 1; (2, 8) -> 1; (9, 1) -> 80; (8, 8) -> 8; _ -> 25})
fails (0, [1], {(0, 2) -> 4; (8, 80) -> 0; (93, 9) -> 0; (7, 24) -> 7; (8, 0) -> 8; (9, 7) -> 4; (0, 24) -> 1; (0, 7) -> 5; (7, 1) -> 8; (8, 9) -> 7; (24, 0) -> 7; (5, 8) -> 93; (1, 0) -> 6; (4, 8) -> 18; (7, 0) -> 3; (5, 7) -> 8; (8, 4) -> 1; (24, 5) -> 1; (0, 1) -> 0; (2, 8) -> 1; (9, 1) -> 80; (8, 8) -> 8; _ -> 25})
holds (0, [], {(0, 2) -> 4; (8, 80) -> 0; (93, 9) -> 0; (7, 24) -> 7; (8, 0) -> 8; (9, 7) -> 4; (0, 24) -> 1; (0, 7) -> 5; (7, 1) -> 8; (8, 9) -> 7; (24, 0) -> 7; (5, 8) -> 93; (1, 0) -> 6; (4, 8) -> 18; (7, 0) -> 3; (5, 7) -> 8; (8, 4) -> 1; (24, 5) -> 1; (0, 1) -> 0; (2, 8) -> 1; (9, 1) -> 80; (8, 8) -> 8; _ -> 25})
holds (0, [0], {(0, 2) -> 4; (8, 80) -> 0; (93, 9) -> 0; (7, 24) -> 7; (8, 0) -> 8; (9, 7) -> 4; (0, 24) -> 1; (0, 7) -> 5; (7, 1) -> 8; (8, 9) -> 7; (24, 0) -> 7; (5, 8) -> 93; (1, 0) -> 6; (4, 8) -> 18; (7, 0) -> 3; (5, 7) -> 8; (0, 0) -> 3; (8, 4) -> 1; (24, 5) -> 1; (0, 1) -> 0; (2, 8) -> 1; (9, 1) -> 80; (8, 8) -> 8; _ -> 25})
fails (0, [1], {(0, 2) -> 4; (8, 80) -> 0; (93, 9) -> 0; (7, 24) -> 7; (8, 0) -> 8; (9, 7) -> 4; (0, 24) -> 1; (0, 7) -> 5; (7, 1) -> 8; (8, 9) -> 7; (24, 0) -> 7; (5, 8) -> 93; (1, 0) -> 6; (4, 8) -> 18; (7, 0) -> 3; (5, 7) -> 8; (0, 0) -> 3; (8, 4) -> 1; (24, 5) -> 1; (0, 1) -> 0; (2, 8) -> 1; (9, 1) -> 80; (8, 8) -> 8; _ -> 0})
holds (0, [], {(0, 2) -> 4; (8, 80) -> 0; (93, 9) -> 0; (7, 24) -> 7; (8, 0) -> 8; (9, 7) -> 4; (0, 24) -> 1; (0, 7) -> 5; (7, 1) -> 8; (8, 9) -> 7; (24, 0) -> 7; (5, 8) -> 93; (1, 0) -> 6; (4, 8) -> 18; (7, 0) -> 3; (5, 7) -> 8; (0, 0) -> 3; (8, 4) -> 1; (24, 5) -> 1; (0, 1) -> 0; (2, 8) -> 1; (9, 1) -> 80; (8, 8) -> 8; _ -> 0})
holds (0, [0], {(0, 2) -> 4; (8, 80) -> 0; (93, 9) -> 0; (7, 24) -> 7; (8, 0) -> 8; (9, 7) -> 4; (0, 24) -> 1; (0, 7) -> 5; (7, 1) -> 8; (8, 9) -> 7; (24, 0) -> 7; (5, 8) -> 93; (1, 0) -> 6; (4, 8) -> 18; (7, 0) -> 3; (5, 7) -> 8; (0, 0) -> 3; (8, 4) -> 1; (24, 5) -> 1; (0, 1) -> 0; (2, 8) -> 1; (9, 1) -> 80; (8, 8) -> 8; _ -> 0})
holds (0, [1], {_ -> 0})
holds (0, [1], {(8, 80) -> 0; (93, 9) -> 0; (7, 24) -> 7; (0, 7) -> 5; (8, 9) -> 7; (5, 8) -> 93; (7, 0) -> 3; (5, 7) -> 8; (24, 5) -> 1; (9, 1) -> 80; (8, 8) -> 8; _ -> 0})
holds (0, [1], {(0, 2) -> 4; (8, 80) -> 0; (93, 9) -> 0; (7, 24) -> 7; (9, 7) -> 4; (0, 24) -> 1; (0, 7) -> 5; (7, 1) -> 8; (8, 9) -> 7; (24, 0) -> 7; (5, 8) -> 93; (7, 0) -> 3; (5, 7) -> 8; (8, 4) -> 1; (24, 5) -> 1; (9, 1) -> 80; (8, 8) -> 8; _ -> 0})
holds (0, [1], {(0, 2) -> 4; (8, 80) -> 0; (93, 9) -> 0; (7, 24) -> 7; (8, 0) -> 8; (9, 7) -> 4; (0, 24) -> 1; (0, 7) -> 5; (7, 1) -> 8; (8, 9) -> 7; (24, 0) -> 7; (5, 8) -> 93; (4, 8) -> 18; (7, 0) -> 3; (5, 7) -> 8; (8, 4) -> 1; (24, 5) -> 1; (2, 8) -> 1; (9, 1) -> 80; (8, 8) -> 8; _ -> 0})
holds (0, [1], {(0, 2) -> 4; (8, 80) -> 0; (93, 9) -> 0; (7, 24) -> 7; (8, 0) -> 8; (9, 7) -> 4; (0, 24) -> 1; (0, 7) -> 5; (7, 1) -> 8; (8, 9) -> 7; (24, 0) -> 7; (5, 8) -> 93; (4, 8) -> 18; (7, 0) -> 3; (5, 7) -> 8; (8, 4) -> 1; (24, 5) -> 1; (0, 1) -> 0; (2, 8) -> 1; (9, 1) -> 80; (8, 8) -> 8; _ -> 0})
fails (0, [1], {(0, 2) -> 4; (8, 80) -> 0; (93, 9) -> 0; (7, 24) -> 7; (8, 0) -> 8; (9, 7) -> 4; (0, 24) -> 1; (0, 7) -> 5; (7, 1) -> 8; (8, 9) -> 7; (24, 0) -> 7; (5, 8) -> 93; (1, 0) -> 6; (4, 8) -> 18; (7, 0) -> 3; (5, 7) -> 8; (8, 4) -> 1; (24, 5) -> 1; (0, 1) -> 0; (2, 8) -> 1; (9, 1) -> 80; (8, 8) -> 8; _ -> 0})
holds (0, [], {(0, 2) -> 4; (8, 80) -> 0; (93, 9) -> 0; (7, 24) -> 7; (8, 0) -> 8; (9, 7) -> 4; (0, 24) -> 1; (0, 7) -> 5; (7, 1) -> 8; (8, 9) -> 7; (24, 0) -> 7; (5, 8) -> 93; (1, 0) -> 6; (4, 8) -> 18; (7, 0) -> 3; (5, 7) -> 8; (8, 4) -> 1; (24, 5) -> 1; (0, 1) -> 0; (2, 8) -> 1; (9, 1) -> 80; (8, 8) -> 8; _ -> 0})
holds (0, [0], {(0, 2) -> 4; (8, 80) -> 0; (93, 9) -> 0; (7, 24) -> 7; (8, 0) -> 8; (9, 7) -> 4; (0, 24) -> 1; (0, 7) -> 5; (7, 1) -> 8; (8, 9) -> 7; (24, 0) -> 7; (5, 8) -> 93; (1, 0) -> 6; (4, 8) -> 18; (7, 0) -> 3; (5, 7) -> 8; (8, 4) -> 1; (24, 5) -> 1; (0, 1) -> 0; (2, 8) -> 1; (9, 1) -> 80; (8, 8) -> 8; _ -> 0})
holds (0, [1], {_ -> 0})
holds (0, [1], {(8, 80) -> 0; (93, 9) -> 0; (7, 24) -> 7; (0, 7) -> 5; (8, 9) -> 7; (5, 8) -> 93; (7, 0) -> 3; (5, 7) -> 8; (24, 5) -> 1; (9, 1) -> 80; (8, 8) -> 8; _ -> 0})
holds (0, [1], {(0, 2) -> 4; (8, 80) -> 0; (93, 9) -> 0; (7, 24) -> 7; (9, 7) -> 4; (0, 24) -> 1; (0, 7) -> 5; (7, 1) -> 8; (8, 9) -> 7; (24, 0) -> 7; (5, 8) -> 93; (7, 0) -> 3; (5, 7) -> 8; (8, 4) -> 1; (24, 5) -> 1; (9, 1) -> 80; (8, 8) -> 8; _ -> 0})
holds (0, [1], {(0, 2) -> 4; (8, 80) -> 0; (93, 9) -> 0; (7, 24) -> 7; (8, 0) -> 8; (9, 7) -> 4; (0, 24) -> 1; (0, 7) -> 5; (7, 1) -> 8; (8, 9) -> 7; (24, 0) -> 7; (5, 8) -> 93; (4, 8) -> 18; (7, 0) -> 3; (5, 7) -> 8; (8, 4) -> 1; (24, 5) -> 1; (2, 8) -> 1; (9, 1) -> 80; (8, 8) -> 8; _ -> 0})
holds (0, [1], {(0, 2) -> 4; (8, 80) -> 0; (93, 9) -> 0; (7, 24) -> 7; (8, 0) -> 8; (9, 7) -> 4; (0, 24) -> 1; (0, 7) -> 5; (7, 1) -> 8; (8, 9) -> 7; (24, 0) -> 7; (5, 8) -> 93; (4, 8) -> 18; (7, 0) -> 3; (5, 7) -> 8; (8, 4) -> 1; (24, 5) -> 1; (0, 1) -> 0; (2, 8) -> 1; (9, 1) -> 80; (8, 8) -> 8; _ -> 0})
fails (0, [1], {(0, 2) -> 4; (8, 80) -> 0; (93, 9) -> 0; (7, 24) -> 7; (8, 0) -> 8; (9, 7) -> 4; (0, 24) -> 1; (0, 7) -> 5; (7, 1) -> 8; (8, 9) -> 7; (24, 0) -> 7; (5, 8) -> 93; (1, 0) -> 6; (4, 8) -> 18; (7, 0) -> 3; (5, 7) -> 0; (8, 4) -> 1; (24, 5) -> 1; (0, 1) -> 0; (2, 8) -> 1; (9, 1) -> 80; (8, 8) -> 8; _ -> 0})
holds (0, [], {(0, 2) -> 4; (8, 80) -> 0; (93, 9) -> 0; (7, 24) -> 7; (8, 0) -> 8; (9, 7) -> 4; (0, 24) -> 1; (0, 7) -> 5; (7, 1) -> 8; (8, 9) -> 7; (24, 0) -> 7; (5, 8) -> 93; (1, 0) -> 6; (4, 8) -> 18; (7, 0) -> 3; (5, 7) -> 0; (8, 4) -> 1; (24, 5) -> 1; (0, 1) -> 0; (2, 8) -> 1; (9, 1) -> 80; (8, 8) -> 8; _ -> 0})
holds (0, [0], {(0, 2) -> 4; (8, 80) -> 0; (93, 9) -> 0; (7, 24) -> 7; (8, 0) -> 8; (9, 7) -> 4; (0, 24) -> 1; (0, 7) -> 5; (7, 1) -> 8; (8, 9) -> 7; (24, 0) -> 7; (5, 8) -> 93; (1, 0) -> 6; (4, 8) -> 18; (7, 0) -> 3; (5, 7) -> 0; (8, 4) -> 1; (24, 5) -> 1; (0, 1) -> 0; (2, 8) -> 1; (9, 1) -> 80; (8, 8) -> 8; _ -> 0})
fails (0, [1], {(0, 2) -> 4; (8, 80) -> 0; (93, 9) -> 0; (7, 24) -> 7; (8, 0) -> 8; (9, 7) -> 4; (0, 24) -> 1; (0, 7) -> 5; (7, 1) -> 8; (8, 9) -> 7; (24, 0) -> 7; (5, 8) -> 93; (1, 0) -> 6; (4, 8) -> 18; (7, 0) -> 3; (5, 7) -> 0; (8, 4) -> 1; (24, 5) -> 1; (0, 1) -> 0; (2, 8) -> 1; (9, 1) -> 80; (8, 8) -> 0; _ -> 0})
holds (0, [], {(0, 2) -> 4; (8, 80) -> 0; (93, 9) -> 0; (7, 24) -> 7; (8, 0) -> 8; (9, 7) -> 4; (0, 24) -> 1; (0, 7) -> 5; (7, 1) -> 8; (8, 9) -> 7; (24, 0) -> 7; (5, 8) -> 93; (1, 0) -> 6; (4, 8) -> 18; (7, 0) -> 3; (5, 7) -> 0; (8, 4) -> 1; (24, 5) -> 1; (0, 1) -> 0; (2, 8) -> 1; (9, 1) -> 80; (8, 8) -> 0; _ -> 0})
holds (0, [0], {(0, 2) -> 4; (8, 80) -> 0; (93, 9) -> 0; (7, 24) -> 7; (8, 0) -> 8; (9, 7) -> 4; (0, 24) -> 1; (0, 7) -> 5; (7, 1) -> 8; (8, 9) -> 7; (24, 0) -> 7; (5, 8) -> 93; (1, 0) -> 6; (4, 8) -> 18; (7, 0) -> 3; (5, 7) -> 0; (8, 4) -> 1; (24, 5) -> 1; (0, 1) -> 0; (2, 8) -> 1; (9, 1) -> 80; (8, 8) -> 0; _ -> 0})
fails (0, [1], {(0, 2) -> 4; (8, 80) -> 0; (93, 9) -> 0; (7, 24) -> 7; (8, 0) -> 8; (9, 7) -> 4; (0, 24) -> 1; (0, 7) -> 5; (7, 1) -> 8; (8, 9) -> 0; (24, 0) -> 7; (5, 8) -> 93; (1, 0) -> 6; (4, 8) -> 18; (7, 0) -> 3; (5, 7) -> 0; (8, 4) -> 1; (24, 5) -> 1; (0, 1) -> 0; (2, 8) -> 1; (9, 1) -> 80; (8, 8) -> 0; _ -> 0})
holds (0, [], {(0, 2) -> 4; (8, 80) -> 0; (93, 9) -> 0; (7, 24) -> 7; (8, 0) -> 8; (9, 7) -> 4; (0, 24) -> 1; (0, 7) -> 5; (7, 1) -> 8; (8, 9) -> 0; (24, 0) -> 7; (5, 8) -> 93; (1, 0) -> 6; (4, 8) -> 18; (7, 0) -> 3; (5, 7) -> 0; (8, 4) -> 1; (24, 5) -> 1; (0, 1) -> 0; (2, 8) -> 1; (9, 1) -> 80; (8, 8) -> 0; _ -> 0})
holds (0, [0], {(0, 2) -> 4; (8, 80) -> 0; (93, 9) -> 0; (7, 24) -> 7; (8, 0) -> 8; (9, 7) -> 4; (0, 24) -> 1; (0, 7) -> 5; (7, 1) -> 8; (8, 9) -> 0; (24, 0) -> 7; (5, 8) -> 93; (1, 0) -> 6; (4, 8) -> 18; (7, 0) -> 3; (5, 7) -> 0; (8, 4) -> 1; (24, 5) -> 1; (0, 1) -> 0; (2, 8) -> 1; (9, 1) -> 80; (8, 8) -> 0; _ -> 0})
fails (0, [1], {(0, 2) -> 4; (8, 80) -> 0; (93, 9) -> 0; (7, 24) -> 0; (8, 0) -> 8; (9, 7) -> 4; (0, 24) -> 1; (0, 7) -> 5; (7, 1) -> 8; (8, 9) -> 0; (24, 0) -> 7; (5, 8) -> 93; (1, 0) -> 6; (4, 8) -> 18; (7, 0) -> 3; (5, 7) -> 0; (8, 4) -> 1; (24, 5) -> 1; (0, 1) -> 0; (2, 8) -> 1; (9, 1) -> 80; (8, 8) -> 0; _ -> 0})
holds (0, [], {(0, 2) -> 4; (8, 80) -> 0; (93, 9) -> 0; (7, 24) -> 0; (8, 0) -> 8; (9, 7) -> 4; (0, 24) -> 1; (0, 7) -> 5; (7, 1) -> 8; (8, 9) -> 0; (24, 0) -> 7; (5, 8) -> 93; (1, 0) -> 6; (4, 8) -> 18; (7, 0) -> 3; (5, 7) -> 0; (8, 4) -> 1; (24, 5) -> 1; (0, 1) -> 0; (2, 8) -> 1; (9, 1) -> 80; (8, 8) -> 0; _ -> 0})
holds (0, [0], {(0, 2) -> 4; (8, 80) -> 0; (93, 9) -> 0; (7, 24) -> 0; (8, 0) -> 8; (9, 7) -> 4; (0, 24) -> 1; (0, 7) -> 5; (7, 1) -> 8; (8, 9) -> 0; (24, 0) -> 7; (5, 8) -> 93; (1, 0) -> 6; (4, 8) -> 18; (7, 0) -> 3; (5, 7) -> 0; (8, 4) -> 1; (24, 5) -> 1; (0, 1) -> 0; (2, 8) -> 1; (9, 1) -> 80; (8, 8) -> 0; _ -> 0})
fails (0, [1], {(0, 2) -> 4; (8, 80) -> 0; (93, 9) -> 0; (7, 24) -> 0; (8, 0) -> 8; (9, 7) -> 4; (0, 24) -> 1; (0, 7) -> 5; (7, 1) -> 8; (8, 9) -> 0; (24, 0) -> 7; (5, 8) -> 93; (1, 0) -> 6; (4, 8) -> 18; (7, 0) -> 3; (5, 7) -> 0; (8, 4) -> 1; (24, 5) -> 0; (0, 1) -> 0; (2, 8) -> 1; (9, 1) -> 80; (8, 8) -> 0; _ -> 0})
holds (0, [], {(0, 2) -> 4; (8, 80) -> 0; (93, 9) -> 0; (7, 24) -> 0; (8, 0) -> 8; (9, 7) -> 4; (0, 24) -> 1; (0, 7) -> 5; (7, 1) -> 8; (8, 9) -> 0; (24, 0) -> 7; (5, 8) -> 93; (1, 0) -> 6; (4, 8) -> 18; (7, 0) -> 3; (5, 7) -> 0; (8, 4) -> 1; (24, 5) -> 0; (0, 1) -> 0; (2, 8) -> 1; (9, 1) -> 80; (8, 8) -> 0; _ -> 0})
holds (0, [0], {(0, 2) -> 4; (8, 80) -> 0; (93, 9) -> 0; (7, 24) -> 0; (8, 0) -> 8; (9, 7) -> 4; (0, 24) -> 1; (0, 7) -> 5; (7, 1) -> 8; (8, 9) -> 0; (24, 0) -> 7; (5, 8) -> 93; (1, 0) -> 6; (4, 8) -> 18; (7, 0) -> 3; (5, 7) -> 0; (8, 4) -> 1; (24, 5) -> 0; (0, 1) -> 0; (2, 8) -> 1; (9, 1) -> 80; (8, 8) -> 0; _ -> 0})
fails (0, [1], {(0, 2) -> 4; (8, 80) -> 0; (93, 9) -> 0; (7, 24) -> 0; (8, 0) -> 8; (9, 7) -> 4; (0, 24) -> 1; (0, 7) -> 5; (7, 1) -> 8; (8, 9) -> 0; (24, 0) -> 7; (5, 8) -> 93; (1, 0) -> 6; (4, 8) -> 18; (7, 0) -> 3; (5, 7) -> 0; (8, 4) -> 1; (24, 5) -> 0; (0, 1) -> 0; (2, 8) -> 1; (9, 1) -> 0; (8, 8) -> 0; _ -> 0})
holds (0, [], {(0, 2) -> 4; (8, 80) -> 0; (93, 9) -> 0; (7, 24) -> 0; (8, 0) -> 8; (9, 7) -> 4; (0, 24) -> 1; (0, 7) -> 5; (7, 1) -> 8; (8, 9) -> 0; (24, 0) -> 7; (5, 8) -> 93; (1, 0) -> 6; (4, 8) -> 18; (7, 0) -> 3; (5, 7) -> 0; (8, 4) -> 1; (24, 5) -> 0; (0, 1) -> 0; (2, 8) -> 1; (9, 1) -> 0; (8, 8) -> 0; _ -> 0})
holds (0, [0], {(0, 2) -> 4; (8, 80) -> 0; (93, 9) -> 0; (7, 24) -> 0; (8, 0) -> 8; (9, 7) -> 4; (0, 24) -> 1; (0, 7) -> 5; (7, 1) -> 8; (8, 9) -> 0; (24, 0) -> 7; (5, 8) -> 93; (1, 0) -> 6; (4, 8) -> 18; (7, 0) -> 3; (5, 7) -> 0; (8, 4) -> 1; (24, 5) -> 0; (0, 1) -> 0; (2, 8) -> 1; (9, 1) -> 0; (8, 8) -> 0; _ -> 0})
fails (0, [1], {(0, 2) -> 4; (8, 80) -> 0; (93, 9) -> 0; (7, 24) -> 0; (8, 0) -> 8; (9, 7) -> 4; (0, 24) -> 1; (0, 7) -> 5; (7, 1) -> 8; (8, 9) -> 0; (24, 0) -> 7; (5, 8) -> 93; (1, 0) -> 6; (4, 8) -> 18; (7, 0) -> 0; (5, 7) -> 0; (8, 4) -> 1; (24, 5) -> 0; (0, 1) -> 0; (2, 8) -> 1; (9, 1) -> 0; (8, 8) -> 0; _ -> 0})
holds (0, [], {(0, 2) -> 4; (8, 80) -> 0; (93, 9) -> 0; (7, 24) -> 0; (8, 0) -> 8; (9, 7) -> 4; (0, 24) -> 1; (0, 7) -> 5; (7, 1) -> 8; (8, 9) -> 0; (24, 0) -> 7; (5, 8) -> 93; (1, 0) -> 6; (4, 8) -> 18; (7, 0) -> 0; (5, 7) -> 0; (8, 4) -> 1; (24, 5) -> 0; (0, 1) -> 0; (2, 8) -> 1; (9, 1) -> 0; (8, 8) -> 0; _ -> 0})
holds (0, [0], {(0, 2) -> 4; (8, 80) -> 0; (93, 9) -> 0; (7, 24) -> 0; (8, 0) -> 8; (9, 7) -> 4; (0, 24) -> 1; (0, 7) -> 5; (7, 1) -> 8; (8, 9) -> 0; (24, 0) -> 7; (5, 8) -> 93; (1, 0) -> 6; (4, 8) -> 18; (7, 0) -> 0; (5, 7) -> 0; (8, 4) -> 1; (24, 5) -> 0; (0, 1) -> 0; (2, 8) -> 1; (9, 1) -> 0; (8, 8) -> 0; _ -> 0})
fails (0, [1], {(0, 2) -> 4; (8, 80) -> 0; (93, 9) -> 0; (7, 24) -> 0; (8, 0) -> 8; (9, 7) -> 4; (0, 24) -> 1; (0, 7) -> 0; (7, 1) -> 8; (8, 9) -> 0; (24, 0) -> 7; (5, 8) -> 93; (1, 0) -> 6; (4, 8) -> 18; (7, 0) -> 0; (5, 7) -> 0; (8, 4) -> 1; (24, 5) -> 0; (0, 1) -> 0; (2, 8) -> 1; (9, 1) -> 0; (8, 8) -> 0; _ -> 0})
holds (0, [], {(0, 2) -> 4; (8, 80) -> 0; (93, 9) -> 0; (7, 24) -> 0; (8, 0) -> 8; (9, 7) -> 4; (0, 24) -> 1; (0, 7) -> 0; (7, 1) -> 8; (8, 9) -> 0; (24, 0) -> 7; (5, 8) -> 93; (1, 0) -> 6; (4, 8) -> 18; (7, 0) -> 0; (5, 7) -> 0; (8, 4) -> 1; (24, 5) -> 0; (0, 1) -> 0; (2, 8) -> 1; (9, 1) -> 0; (8, 8) -> 0; _ -> 0})
holds (0, [0], {(0, 2) -> 4; (8, 80) -> 0; (93, 9) -> 0; (7, 24) -> 0; (8, 0) -> 8; (9, 7) -> 4; (0, 24) -> 1; (0, 7) -> 0; (7, 1) -> 8; (8, 9) -> 0; (24, 0) -> 7; (5, 8) -> 93; (1, 0) -> 6; (4, 8) -> 18; (7, 0) -> 0; (5, 7) -> 0; (8, 4) -> 1; (24, 5) -> 0; (0, 1) -> 0; (2, 8) -> 1; (9, 1) -> 0; (8, 8) -> 0; _ -> 0})
fails (0, [1], {(0, 2) -> 4; (8, 80) -> 0; (93, 9) -> 0; (7, 24) -> 0; (8, 0) -> 8; (9, 7) -> 4; (0, 24) -> 1; (0, 7) -> 0; (7, 1) -> 8; (8, 9) -> 0; (24, 0) -> 7; (5, 8) -> 0; (1, 0) -> 6; (4, 8) -> 18; (7, 0) -> 0; (5, 7) -> 0; (8, 4) -> 1; (24, 5) -> 0; (0, 1) -> 0; (2, 8) -> 1; (9, 1) -> 0; (8, 8) -> 0; _ -> 0})
holds (0, [], {(0, 2) -> 4; (8, 80) -> 0; (93, 9) -> 0; (7, 24) -> 0; (8, 0) -> 8; (9, 7) -> 4; (0, 24) -> 1; (0, 7) -> 0; (7, 1) -> 8; (8, 9) -> 0; (24, 0) -> 7; (5, 8) -> 0; (1, 0) -> 6; (4, 8) -> 18; (7, 0) -> 0; (5, 7) -> 0; (8, 4) -> 1; (24, 5) -> 0; (0, 1) -> 0; (2, 8) -> 1; (9, 1) -> 0; (8, 8) -> 0; _ -> 0})
holds (0, [0], {(0, 2) -> 4; (8, 80) -> 0; (93, 9) -> 0; (7, 24) -> 0; (8, 0) -> 8; (9, 7) -> 4; (0, 24) -> 1; (0, 7) -> 0; (7, 1) -> 8; (8, 9) -> 0; (24, 0) -> 7; (5, 8) -> 0; (1, 0) -> 6; (4, 8) -> 18; (7, 0) -> 0; (5, 7) -> 0; (8, 4) -> 1; (24, 5) -> 0; (0, 1) -> 0; (2, 8) -> 1; (9, 1) -> 0; (8, 8) -> 0; _ -> 0})
fails (0, [1], {(0, 2) -> 4; (8, 80) -> 0; (93, 9) -> 0; (7, 24) -> 0; (8, 0) -> 8; (9, 7) -> 4; (0, 24) -> 0; (0, 7) -> 0; (7, 1) -> 8; (8, 9) -> 0; (24, 0) -> 7; (5, 8) -> 0; (1, 0) -> 6; (4, 8) -> 18; (7, 0) -> 0; (5, 7) -> 0; (8, 4) -> 1; (24, 5) -> 0; (0, 1) -> 0; (2, 8) -> 1; (9, 1) -> 0; (8, 8) -> 0; _ -> 0})
holds (0, [], {(0, 2) -> 4; (8, 80) -> 0; (93, 9) -> 0; (7, 24) -> 0; (8, 0) -> 8; (9, 7) -> 4; (0, 24) -> 0; (0, 7) -> 0; (7, 1) -> 8; (8, 9) -> 0; (24, 0) -> 7; (5, 8) -> 0; (1, 0) -> 6; (4, 8) -> 18; (7, 0) -> 0; (5, 7) -> 0; (8, 4) -> 1; (24, 5) -> 0; (0, 1) -> 0; (2, 8) -> 1; (9, 1) -> 0; (8, 8) -> 0; _ -> 0})
holds (0, [0], {(0, 2) -> 4; (8, 80) -> 0; (93, 9) -> 0; (7, 24) -> 0; (8, 0) -> 8; (9, 7) -> 4; (0, 24) -> 0; (0, 7) -> 0; (7, 1) -> 8; (8, 9) -> 0; (24, 0) -> 7; (5, 8) -> 0; (1, 0) -> 6; (4, 8) -> 18; (7, 0) -> 0; (5, 7) -> 0; (8, 4) -> 1; (24, 5) -> 0; (0, 1) -> 0; (2, 8) -> 1; (9, 1) -> 0; (8, 8) -> 0; _ -> 0})
fails (0, [1], {(0, 2) -> 4; (8, 80) -> 0; (93, 9) -> 0; (7, 24) -> 0; (8, 0) -> 8; (9, 7) -> 4; (0, 24) -> 0; (0, 7) -> 0; (7, 1) -> 8; (8, 9) -> 0; (24, 0) -> 0; (5, 8) -> 0; (1, 0) -> 6; (4, 8) -> 18; (7, 0) -> 0; (5, 7) -> 0; (8, 4) -> 1; (24, 5) -> 0; (0, 1) -> 0; (2, 8) -> 1; (9, 1) -> 0; (8, 8) -> 0; _ -> 0})
holds (0, [], {(0, 2) -> 4; (8, 80) -> 0; (93, 9) -> 0; (7, 24) -> 0; (8, 0) -> 8; (9, 7) -> 4; (0, 24) -> 0; (0, 7) -> 0; (7, 1) -> 8; (8, 9) -> 0; (24, 0) -> 0; (5, 8) -> 0; (1, 0) -> 6; (4, 8) -> 18; (7, 0) -> 0; (5, 7) -> 0; (8, 4) -> 1; (24, 5) -> 0; (0, 1) -> 0; (2, 8) -> 1; (9, 1) -> 0; (8, 8) -> 0; _ -> 0})
holds (0, [0], {(0, 2) -> 4; (8, 80) -> 0; (93, 9) -> 0; (7, 24) -> 0; (8, 0) -> 8; (9, 7) -> 4; (0, 24) -> 0; (0, 7) -> 0; (7, 1) -> 8; (8, 9) -> 0; (24, 0) -> 0; (5, 8) -> 0; (1, 0) -> 6; (4, 8) -> 18; (7, 0) -> 0; (5, 7) -> 0; (8, 4) -> 1; (24, 5) -> 0; (0, 1) -> 0; (2, 8) -> 1; (9, 1) -> 0; (8, 8) -> 0; _ -> 0})
fails (0, [1], {(0, 2) -> 4; (8, 80) -> 0; (93, 9) -> 0; (7, 24) -> 0; (8, 0) -> 8; (9, 7) -> 0; (0, 24) -> 0; (0, 7) -> 0; (7, 1) -> 8; (8, 9) -> 0; (24, 0) -> 0; (5, 8) -> 0; (1, 0) -> 6; (4, 8) -> 18; (7, 0) -> 0; (5, 7) -> 0; (8, 4) -> 1; (24, 5) -> 0; (0, 1) -> 0; (2, 8) -> 1; (9, 1) -> 0; (8, 8) -> 0; _ -> 0})
holds (0, [], {(0, 2) -> 4; (8, 80) -> 0; (93, 9) -> 0; (7, 24) -> 0; (8, 0) -> 8; (9, 7) -> 0; (0, 24) -> 0; (0, 7) -> 0; (7, 1) -> 8; (8, 9) -> 0; (24, 0) -> 0; (5, 8) -> 0; (1, 0) -> 6; (4, 8) -> 18; (7, 0) -> 0; (5, 7) -> 0; (8, 4) -> 1; (24, 5) -> 0; (0, 1) -> 0; (2, 8) -> 1; (9, 1) -> 0; (8, 8) -> 0; _ -> 0})
holds (0, [0], {(0, 2) -> 4; (8, 80) -> 0; (93, 9) -> 0; (7, 24) -> 0; (8, 0) -> 8; (9, 7) -> 0; (0, 24) -> 0; (0, 7) -> 0; (7, 1) -> 8; (8, 9) -> 0; (24, 0) -> 0; (5, 8) -> 0; (1, 0) -> 6; (4, 8) -> 18; (7, 0) -> 0; (5, 7) -> 0; (8, 4) -> 1; (24, 5) -> 0; (0, 1) -> 0; (2, 8) -> 1; (9, 1) -> 0; (8, 8) -> 0; _ -> 0})
fails (0, [1], {(0, 2) -> 4; (8, 80) -> 0; (93, 9) -> 0; (7, 24) -> 0; (8, 0) -> 8; (9, 7) -> 0; (0, 24) -> 0; (0, 7) -> 0; (7, 1) -> 8; (8, 9) -> 0; (24, 0) -> 0; (5, 8) -> 0; (1, 0) -> 6; (4, 8) -> 18; (7, 0) -> 0; (5, 7) -> 0; (8, 4) -> 0; (24, 5) -> 0; (0, 1) -> 0; (2, 8) -> 1; (9, 1) -> 0; (8, 8) -> 0; _ -> 0})
holds (0, [], {(0, 2) -> 4; (8, 80) -> 0; (93, 9) -> 0; (7, 24) -> 0; (8, 0) -> 8; (9, 7) -> 0; (0, 24) -> 0; (0, 7) -> 0; (7, 1) -> 8; (8, 9) -> 0; (24, 0) -> 0; (5, 8) -> 0; (1, 0) -> 6; (4, 8) -> 18; (7, 0) -> 0; (5, 7) -> 0; (8, 4) -> 0; (24, 5) -> 0; (0, 1) -> 0; (2, 8) -> 1; (9, 1) -> 0; (8, 8) -> 0; _ -> 0})
holds (0, [0], {(0, 2) -> 4; (8, 80) -> 0; (93, 9) -> 0; (7, 24) -> 0; (8, 0) -> 8; (9, 7) -> 0; (0, 24) -> 0; (0, 7) -> 0; (7, 1) -> 8; (8, 9) -> 0; (24, 0) -> 0; (5, 8) -> 0; (1, 0) -> 6; (4, 8) -> 18; (7, 0) -> 0; (5, 7) -> 0; (8, 4) -> 0; (24, 5) -> 0; (0, 1) -> 0; (2, 8) -> 1; (9, 1) -> 0; (8, 8) -> 0; _ -> 0})
fails (0, [1], {(0, 2) -> 4; (8, 80) -> 0; (93, 9) -> 0; (7, 24) -> 0; (8, 0) -> 8; (9, 7) -> 0; (0, 24) -> 0; (0, 7) -> 0; (7, 1) -> 0; (8, 9) -> 0; (24, 0) -> 0; (5, 8) -> 0; (1, 0) -> 6; (4, 8) -> 18; (7, 0) -> 0; (5, 7) -> 0; (8, 4) -> 0; (24, 5) -> 0; (0, 1) -> 0; (2, 8) -> 1; (9, 1) -> 0; (8, 8) -> 0; _ -> 0})
holds (0, [], {(0, 2) -> 4; (8, 80) -> 0; (93, 9) -> 0; (7, 24) -> 0; (8, 0) -> 8; (9, 7) -> 0; (0, 24) -> 0; (0, 7) -> 0; (7, 1) -> 0; (8, 9) -> 0; (24, 0) -> 0; (5, 8) -> 0; (1, 0) -> 6; (4, 8) -> 18; (7, 0) -> 0; (5, 7) -> 0; (8, 4) -> 0; (24, 5) -> 0; (0, 1) -> 0; (2, 8) -> 1; (9, 1) -> 0; (8, 8) -> 0; _ -> 0})
holds (0, [0], {(0, 2) -> 4; (8, 80) -> 0; (93, 9) -> 0; (7, 24) -> 0; (8, 0) -> 8; (9, 7) -> 0; (0, 24) -> 0; (0, 7) -> 0; (7, 1) -> 0; (8, 9) -> 0; (24, 0) -> 0; (5, 8) -> 0; (1, 0) -> 6; (4, 8) -> 18; (7, 0) -> 0; (5, 7) -> 0; (8, 4) -> 0; (24, 5) -> 0; (0, 1) -> 0; (2, 8) -> 1; (9, 1) -> 0; (8, 8) -> 0; _ -> 0})
fails (0, [1], {(0, 2) -> 0; (8, 80) -> 0; (93, 9) -> 0; (7, 24) -> 0; (8, 0) -> 8; (9, 7) -> 0; (0, 24) -> 0; (0, 7) -> 0; (7, 1) -> 0; (8, 9) -> 0; (24, 0) -> 0; (5, 8) -> 0; (1, 0) -> 6; (4, 8) -> 18; (7, 0) -> 0; (5, 7) -> 0; (8, 4) -> 0; (24, 5) -> 0; (0, 1) -> 0; (2, 8) -> 1; (9, 1) -> 0; (8, 8) -> 0; _ -> 0})
holds (0, [], {(0, 2) -> 0; (8, 80) -> 0; (93, 9) -> 0; (7, 24) -> 0; (8, 0) -> 8; (9, 7) -> 0; (0, 24) -> 0; (0, 7) -> 0; (7, 1) -> 0; (8, 9) -> 0; (24, 0) -> 0; (5, 8) -> 0; (1, 0) -> 6; (4, 8) -> 18; (7, 0) -> 0; (5, 7) -> 0; (8, 4) -> 0; (24, 5) -> 0; (0, 1) -> 0; (2, 8) -> 1; (9, 1) -> 0; (8, 8) -> 0; _ -> 0})
holds (0, [0], {(0, 2) -> 0; (8, 80) -> 0; (93, 9) -> 0; (7, 24) -> 0; (8, 0) -> 8; (9, 7) -> 0; (0, 24) -> 0; (0, 7) -> 0; (7, 1) -> 0; (8, 9) -> 0; (24, 0) -> 0; (5, 8) -> 0; (1, 0) -> 6; (4, 8) -> 18; (7, 0) -> 0; (5, 7) -> 0; (8, 4) -> 0; (24, 5) -> 0; (0, 1) -> 0; (2, 8) -> 1; (9, 1) -> 0; (8, 8) -> 0; _ -> 0})
fails (0, [1], {(0, 2) -> 0; (8, 80) -> 0; (93, 9) -> 0; (7, 24) -> 0; (8, 0) -> 8; (9, 7) -> 0; (0, 24) -> 0; (0, 7) -> 0; (7, 1) -> 0; (8, 9) -> 0; (24, 0) -> 0; (5, 8) -> 0; (1, 0) -> 6; (4, 8) -> 0; (7, 0) -> 0; (5, 7) -> 0; (8, 4) -> 0; (24, 5) -> 0; (0, 1) -> 0; (2, 8) -> 1; (9, 1) -> 0; (8, 8) -> 0; _ -> 0})
holds (0, [], {(0, 2) -> 0; (8, 80) -> 0; (93, 9) -> 0; (7, 24) -> 0; (8, 0) -> 8; (9, 7) -> 0; (0, 24) -> 0; (0, 7) -> 0; (7, 1) -> 0; (8, 9) -> 0; (24, 0) -> 0; (5, 8) -> 0; (1, 0) -> 6; (4, 8) -> 0; (7, 0) -> 0; (5, 7) -> 0; (8, 4) -> 0; (24, 5) -> 0; (0, 1) -> 0; (2, 8) -> 1; (9, 1) -> 0; (8, 8) -> 0; _ -> 0})
holds (0, [0], {(0, 2) -> 0; (8, 80) -> 0; (93, 9) -> 0; (7, 24) -> 0; (8, 0) -> 8; (9, 7) -> 0; (0, 24) -> 0; (0, 7) -> 0; (7, 1) -> 0; (8, 9) -> 0; (24, 0) -> 0; (5, 8) -> 0; (1, 0) -> 6; (4, 8) -> 0; (7, 0) -> 0; (5, 7) -> 0; (8, 4) -> 0; (24, 5) -> 0; (0, 1) -> 0; (2, 8) -> 1; (9, 1) -> 0; (8, 8) -> 0; _ -> 0})
fails (0, [1], {(0, 2) -> 0; (8, 80) -> 0; (93, 9) -> 0; (7, 24) -> 0; (8, 0) -> 0; (9, 7) -> 0; (0, 24) -> 0; (0, 7) -> 0; (7, 1) -> 0; (8, 9) -> 0; (24, 0) -> 0; (5, 8) -> 0; (1, 0) -> 6; (4, 8) -> 0; (7, 0) -> 0; (5, 7) -> 0; (8, 4) -> 0; (24, 5) -> 0; (0, 1) -> 0; (2, 8) -> 1; (9, 1) -> 0; (8, 8) -> 0; _ -> 0})
holds (0, [], {(0, 2) -> 0; (8, 80) -> 0; (93, 9) -> 0; (7, 24) -> 0; (8, 0) -> 0; (9, 7) -> 0; (0, 24) -> 0; (0, 7) -> 0; (7, 1) -> 0; (8, 9) -> 0; (24, 0) -> 0; (5, 8) -> 0; (1, 0) -> 6; (4, 8) -> 0; (7, 0) -> 0; (5, 7) -> 0; (8, 4) -> 0; (24, 5) -> 0; (0, 1) -> 0; (2, 8) -> 1; (9, 1) -> 0; (8, 8) -> 0; _ -> 0})
holds (0, [0], {(0, 2) -> 0; (8, 80) -> 0; (93, 9) -> 0; (7, 24) -> 0; (8, 0) -> 0; (9, 7) -> 0; (0, 24) -> 0; (0, 7) -> 0; (7, 1) -> 0; (8, 9) -> 0; (24, 0) -> 0; (5, 8) -> 0; (1, 0) -> 6; (4, 8) -> 0; (7, 0) -> 0; (5, 7) -> 0; (8, 4) -> 0; (24, 5) -> 0; (0, 1) -> 0; (2, 8) -> 1; (9, 1) -> 0; (8, 8) -> 0; _ -> 0})
fails (0, [1], {(0, 2) -> 0; (8, 80) -> 0; (93, 9) -> 0; (7, 24) -> 0; (8, 0) -> 0; (9, 7) -> 0; (0, 24) -> 0; (0, 7) -> 0; (7, 1) -> 0; (8, 9) -> 0; (24, 0) -> 0; (5, 8) -> 0; (1, 0) -> 6; (4, 8) -> 0; (7, 0) -> 0; (5, 7) -> 0; (8, 4) -> 0; (24, 5) -> 0; (0, 1) -> 0; (2, 8) -> 0; (9, 1) -> 0; (8, 8) -> 0; _ -> 0})
holds (0, [], {(0, 2) -> 0; (8, 80) -> 0; (93, 9) -> 0; (7, 24) -> 0; (8, 0) -> 0; (9, 7) -> 0; (0, 24) -> 0; (0, 7) -> 0; (7, 1) -> 0; (8, 9) -> 0; (24, 0) -> 0; (5, 8) -> 0; (1, 0) -> 6; (4, 8) -> 0; (7, 0) -> 0; (5, 7) -> 0; (8, 4) -> 0; (24, 5) -> 0; (0, 1) -> 0; (2, 8) -> 0; (9, 1) -> 0; (8, 8) -> 0; _ -> 0})
holds (0, [0], {(0, 2) -> 0; (8, 80) -> 0; (93, 9) -> 0; (7, 24) -> 0; (8, 0) -> 0; (9, 7) -> 0; (0, 24) -> 0; (0, 7) -> 0; (7, 1) -> 0; (8, 9) -> 0; (24, 0) -> 0; (5, 8) -> 0; (1, 0) -> 6; (4, 8) -> 0; (7, 0) -> 0; (5, 7) -> 0; (8, 4) -> 0; (24, 5) -> 0; (0, 1) -> 0; (2, 8) -> 0; (9, 1) -> 0; (8, 8) -> 0; _ -> 0})
holds (0, [1], {(0, 2) -> 0; (8, 80) -> 0; (93, 9) -> 0; (7, 24) -> 0; (8, 0) -> 0; (9, 7) -> 0; (0, 24) -> 0; (0, 7) -> 0; (7, 1) -> 0; (8, 9) -> 0; (24, 0) -> 0; (5, 8) -> 0; (1, 0) -> 0; (4, 8) -> 0; (7, 0) -> 0; (5, 7) -> 0; (8, 4) -> 0; (24, 5) -> 0; (0, 1) -> 0; (2, 8) -> 0; (9, 1) -> 0; (8, 8) -> 0; _ -> 0})
fails (0, [1], {(0, 2) -> 0; (8, 80) -> 0; (93, 9) -> 0; (7, 24) -> 0; (8, 0) -> 0; (9, 7) -> 0; (0, 24) -> 0; (0, 7) -> 0; (7, 1) -> 0; (8, 9) -> 0; (24, 0) -> 0; (5, 8) -> 0; (1, 0) -> 3; (4, 8) -> 0; (7, 0) -> 0; (5, 7) -> 0; (8, 4) -> 0; (24, 5) -> 0; (0, 1) -> 0; (2, 8) -> 0; (9, 1) -> 0; (8, 8) -> 0; _ -> 0})
holds (0, [], {(0, 2) -> 0; (8, 80) -> 0; (93, 9) -> 0; (7, 24) -> 0; (8, 0) -> 0; (9, 7) -> 0; (0, 24) -> 0; (0, 7) -> 0; (7, 1) -> 0; (8, 9) -> 0; (24, 0) -> 0; (5, 8) -> 0; (1, 0) -> 3; (4, 8) -> 0; (7, 0) -> 0; (5, 7) -> 0; (8, 4) -> 0; (24, 5) -> 0; (0, 1) -> 0; (2, 8) -> 0; (9, 1) -> 0; (8, 8) -> 0; _ -> 0})
holds (0, [0], {(0, 2) -> 0; (8, 80) -> 0; (93, 9) -> 0; (7, 24) -> 0; (8, 0) -> 0; (9, 7) -> 0; (0, 24) -> 0; (0, 7) -> 0; (7, 1) -> 0; (8, 9) -> 0; (24, 0) -> 0; (5, 8) -> 0; (1, 0) -> 3; (4, 8) -> 0; (7, 0) -> 0; (5, 7) -> 0; (8, 4) -> 0; (24, 5) -> 0; (0, 1) -> 0; (2, 8) -> 0; (9, 1) -> 0; (8, 8) -> 0; _ -> 0})
holds (0, [1], {(0, 2) -> 0; (8, 80) -> 0; (93, 9) -> 0; (7, 24) -> 0; (8, 0) -> 0; (9, 7) -> 0; (0, 24) -> 0; (0, 7) -> 0; (7, 1) -> 0; (8, 9) -> 0; (24, 0) -> 0; (5, 8) -> 0; (1, 0) -> 0; (4, 8) -> 0; (7, 0) -> 0; (5, 7) -> 0; (8, 4) -> 0; (24, 5) -> 0; (0, 1) -> 0; (2, 8) -> 0; (9, 1) -> 0; (8, 8) -> 0; _ -> 0})
fails (0, [1], {(0, 2) -> 0; (8, 80) -> 0; (93, 9) -> 0; (7, 24) -> 0; (8, 0) -> 0; (9, 7) -> 0; (0, 24) -> 0; (0, 7) -> 0; (7, 1) -> 0; (8, 9) -> 0; (24, 0) -> 0; (5, 8) -> 0; (1, 0) -> 1; (4, 8) -> 0; (7, 0) -> 0; (5, 7) -> 0; (8, 4) -> 0; (24, 5) -> 0; (0, 1) -> 0; (2, 8) -> 0; (9, 1) -> 0; (8, 8) -> 0; _ -> 0})
holds (0, [], {(0, 2) -> 0; (8, 80) -> 0; (93, 9) -> 0; (7, 24) -> 0; (8, 0) -> 0; (9, 7) -> 0; (0, 24) -> 0; (0, 7) -> 0; (7, 1) -> 0; (8, 9) -> 0; (24, 0) -> 0; (5, 8) -> 0; (1, 0) -> 1; (4, 8) -> 0; (7, 0) -> 0; (5, 7) -> 0; (8, 4) -> 0; (24, 5) -> 0; (0, 1) -> 0; (2, 8) -> 0; (9, 1) -> 0; (8, 8) -> 0; _ -> 0})
holds (0, [0], {(0, 2) -> 0; (8, 80) -> 0; (93, 9) -> 0; (7, 24) -> 0; (8, 0) -> 0; (9, 7) -> 0; (0, 24) -> 0; (0, 7) -> 0; (7, 1) -> 0; (8, 9) -> 0; (24, 0) -> 0; (5, 8) -> 0; (1, 0) -> 1; (4, 8) -> 0; (7, 0) -> 0; (5, 7) -> 0; (8, 4) -> 0; (24, 5) -> 0; (0, 1) -> 0; (2, 8) -> 0; (9, 1) -> 0; (8, 8) -> 0; _ -> 0})
holds (0, [1], {(0, 2) -> 0; (8, 80) -> 0; (93, 9) -> 0; (7, 24) -> 0; (8, 0) -> 0; (9, 7) -> 0; (0, 24) -> 0; (0, 7) -> 0; (7, 1) -> 0; (8, 9) -> 0; (24, 0) -> 0; (5, 8) -> 0; (1, 0) -> 0; (4, 8) -> 0; (7, 0) -> 0; (5, 7) -> 0; (8, 4) -> 0; (24, 5) -> 0; (0, 1) -> 0; (2, 8) -> 0; (9, 1) -> 0; (8, 8) -> 0; _ -> 0})
