holds [...] list length: 36
holds [...] list length: 8
holds [...] list length: 1
holds [...] list length: 23
fails [...] list length: 464847
holds [...] list length: 7
holds [...] list length: 0
fails [...] list length: 232423
holds [...] list length: 0
fails [...] list length: 116211
holds [...] list length: 0
fails [...] list length: 58105
holds [...] list length: 0
fails [...] list length: 29052
holds [...] list length: 0
fails [...] list length: 14526
holds [...] list length: 0
fails [...] list length: 7263
holds [...] list length: 0
fails [...] list length: 3631
holds [...] list length: 0
fails [...] list length: 1815
holds [...] list length: 0
fails [...] list length: 907
holds [...] list length: 0
fails [...] list length: 453
holds [...] list length: 0
fails [...] list length: 226
holds [...] list length: 0
fails [...] list length: 113
holds [...] list length: 0
holds [...] list length: 56
holds [...] list length: 84
holds [...] list length: 98
fails [...] list length: 105
holds [...] list length: 0
holds [...] list length: 52
holds [...] list length: 78
holds [...] list length: 91
holds [...] list length: 98
fails [...] list length: 101
holds [...] list length: 0
holds [...] list length: 50
holds [...] list length: 75
holds [...] list length: 88
holds [...] list length: 94
holds [...] list length: 97
holds [...] list length: 99
fails [...] list length: 100
holds [...] list length: 0
holds [...] list length: 50
holds [...] list length: 75
holds [...] list length: 88
holds [...] list length: 94
holds [...] list length: 97
holds [...] list length: 99
fails [...] list length: 100
fails [...] list length: 100
fails [...] list length: 100
fails [...] list length: 100
fails [...] list length: 100
fails [...] list length: 100
fails [...] list length: 100
fails [...] list length: 100
fails [...] list length: 100
fails [...] list length: 100
fails [...] list length: 100
fails [...] list length: 100
fails [...] list length: 100
fails [...] list length: 100
fails [...] list length: 100
fails [...] list length: 100
fails [...] list length: 100
fails [...] list length: 100
fails [...] list length: 100
fails [...] list length: 100
fails [...] list length: 100
fails [...] list length: 100
fails [...] list length: 100
fails [...] list length: 100
fails [...] list length: 100
fails [...] list length: 100
fails [...] list length: 100
fails [...] list length: 100
fails [...] list length: 100
fails [...] list length: 100
fails [...] list length: 100
fails [...] list length: 100
fails [...] list length: 100
fails [...] list length: 100
fails [...] list length: 100
fails [...] list length: 100
fails [...] list length: 100
fails [...] list length: 100
fails [...] list length: 100
fails [...] list length: 100
fails [...] list length: 100
fails [...] list length: 100
fails [...] list length: 100
fails [...] list length: 100
fails [...] list length: 100
fails [...] list length: 100
fails [...] list length: 100
fails [...] list length: 100
fails [...] list length: 100
fails [...] list length: 100
fails [...] list length: 100
fails [...] list length: 100
fails [...] list length: 100
fails [...] list length: 100
fails [...] list length: 100
fails [...] list length: 100
fails [...] list length: 100
fails [...] list length: 100
fails [...] list length: 100
fails [...] list length: 100
fails [...] list length: 100
fails [...] list length: 100
fails [...] list length: 100
fails [...] list length: 100
fails [...] list length: 100
fails [...] list length: 100
fails [...] list length: 100
fails [...] list length: 100
fails [...] list length: 100
fails [...] list length: 100
fails [...] list length: 100
fails [...] list length: 100
fails [...] list length: 100
fails [...] list length: 100
fails [...] list length: 100
fails [...] list length: 100
fails [...] list length: 100
fails [...] list length: 100
fails [...] list length: 100
fails [...] list length: 100
fails [...] list length: 100
fails [...] list length: 100
fails [...] list length: 100
fails [...] list length: 100
fails [...] list length: 100
fails [...] list length: 100
fails [...] list length: 100
fails [...] list length: 100
fails [...] list length: 100
fails [...] list length: 100
fails [...] list length: 100
fails [...] list length: 100
fails [...] list length: 100
fails [...] list length: 100
